// Jest Snapshot v1, https://goo.gl/fbAQLP

exports[`should render expense list with expense[0]/id 1 1`] = `
<div>
  <Link
    to="/poopypooppoop/1"
  >
    <h3>
      gum
    </h3>
  </Link>
  <p>
    195
     - 
    0
  </p>
</div>
`;
